error: unexpected token
 --> tests/fail/invalid_syntax.rs:4:12
  |
4 |     derive_scenic_partial!(meow);
  |                     ^^^^
